<testsuites id="" name="" tests="3" failures="0" skipped="0" errors="0" time="5.197938">
<testsuite name="example.spec.js" timestamp="2026-06-06T12:42:31.350Z" hostname="chromium" tests="3" failures="0" skipped="0" time="4.666" errors="0">
<testcase name="user rides › user should be able to ride" classname="example.spec.js" time="1.5">
</testcase>
<testcase name="user rides › user above height should not be allowed" classname="example.spec.js" time="1.572">
</testcase>
<testcase name="user rides › user with minimum height should be allowed" classname="example.spec.js" time="1.594">
</testcase>
</testsuite>
</testsuites>